// Vitest Snapshot v1, https://vitest.dev/guide/snapshot.html

exports[`FactorBar > renders a value inside its domain and matches its snapshot 1`] = `"<div class="_root_7c5f95" role="img" aria-label="eFG%, 55.6%, above the league average of 0.54"><div class="_header_7c5f95"><span class="_text_735e26 _statLabel_735e26">eFG%</span><span class="_headerSpacer_7c5f95"></span><span class="_text_735e26 _statValue_735e26 _tabularNums_735e26">55.6%</span></div><div class="_track_7c5f95" style="height: 16px;"><div class="_trackFill_7c5f95" style="height: 10px;"></div><div class="_fill_7c5f95" style="height: 10px; width: max(62.35294117647062%, 10px); --hw-bar-color: var(--hw-chart-0);"></div><div class="_averageTick_7c5f95" style="left: 51.764705882352956%; height: 16px;" aria-hidden="true"></div></div><div aria-hidden="true" class="_text_735e26 _caption_735e26 _legend_7c5f95">Vertical rule marks the league average</div></div>"`;

exports[`PercentileBar > renders a percentile and matches its snapshot 1`] = `"<div class="_row_979fcf" role="img" aria-label="93rd percentile"><div class="_track_979fcf" style="height: 16px; --hw-marker-color: var(--hw-chart-0);"><div class="_trackFill_979fcf" style="height: 8px;"></div><div class="_quartileTick_979fcf" style="left: 25%; height: 8px;"></div><div class="_quartileTick_979fcf" style="left: 50%; height: 8px;"></div><div class="_quartileTick_979fcf" style="left: 75%; height: 8px;"></div><div class="_fill_979fcf" style="width: max(93%, 8px); height: 8px;"></div><div class="_marker_979fcf" style="left: 93%; height: 16px;"></div></div><span class="_text_735e26 _tableHeader_735e26 _colorPrimary_735e26 _tabularNums_735e26 _label_979fcf">93rd</span></div>"`;

exports[`RangeBar geometry > renders and matches its snapshot 1`] = `"<div style="height: 26px;" aria-hidden="true"><div class="_frame_e0fde4" style="height: 26px;"><div class="_baseline_e0fde4"></div><div class="_band_e0fde4" style="left: 8.333333333333329%; width: max(83.33333333333334%, 2px);"></div><div class="_tick_e0fde4" style="left: 43.85964912280702%; background-color: var(--hw-bs-accent-above);"></div><div class="_dot_e0fde4" style="left: 49.561403508771924%;"></div></div></div>"`;
